

python : Traceback (most 
recent call last):
At line:1 char:1
+ python 
test_real_pdf_direct.py 2>&1 
| Tee-Object -FilePath 
"test_outp ...
+ ~~~~~~~~~~~~~~~~~~~~~~~~~~~
~~~~~~~~
    + CategoryInfo           
   : NotSpecified: (Traceba  
  ck (most recent call las   
 t)::String) [], RemoteEx    
ception
    + FullyQualifiedErrorId  
   : NativeCommandError
 
  File "C:\Users\MUYINDA PETE
R\Desktop\pro\test_real_pdf_d
irect.py", line 110, in 
<module>
    print("\U0001f3d7\ufe0f  
CONSTRUCTION ESTIMATION 
SYSTEM - PRODUCTION TEST")
  File "C:\Users\MUYINDA PETE
R\AppData\Local\Programs\Pyth
on\Python311\Lib\encodings\cp
1252.py", line 19, in encode
    return codecs.charmap_enc
ode(input,self.errors,encodin
g_table)[0]
           ^^^^^^^^^^^^^^^^^^
^^^^^^^^^^^^^^^^^^^^^^^^^^^^^
^^^^^^^^
UnicodeEncodeError: 
'charmap' codec can't encode 
characters in position 0-1: 
character maps to <undefined>
